
Allocating common symbols
Common symbol       size              file

mousedata0          0x4               mouse.o
keyfifo             0x4               keyboard.o
taskctl             0x4               mtask.o
timerctl            0x271c            timer.o
mousefifo           0x4               mouse.o
task_timer          0x4               mtask.o
keydata0            0x4               keyboard.o

Discarded input sections

 .eh_frame      0x0000000000000000       0xe0 mystd.o
 .eh_frame      0x0000000000000000      0x128 graphic.o
 .eh_frame      0x0000000000000000       0x78 dsctbl.o
 .eh_frame      0x0000000000000000       0x58 int.o
 .eh_frame      0x0000000000000000       0x98 fifo.o
 .eh_frame      0x0000000000000000       0x78 keyboard.o
 .eh_frame      0x0000000000000000       0x78 mouse.o
 .eh_frame      0x0000000000000000      0x104 memory.o
 .eh_frame      0x0000000000000000      0x15c sheet.o
 .eh_frame      0x0000000000000000       0xd8 timer.o
 .eh_frame      0x0000000000000000      0x16c mtask.o
 .eh_frame      0x0000000000000000       0xb0 window.o
 .eh_frame      0x0000000000000000      0x204 console.o
 .eh_frame      0x0000000000000000       0x78 file.o
 .eh_frame      0x0000000000000000       0x34 /tmp/cc4WzTqh.o

Memory Configuration

Name             Origin             Length             Attributes
*default*        0x0000000000000000 0xffffffffffffffff

Linker script and memory map

LOAD nasmfunc.o
LOAD hankaku.o
LOAD mystd.o
LOAD graphic.o
LOAD dsctbl.o
LOAD int.o
LOAD fifo.o
LOAD keyboard.o
LOAD mouse.o
LOAD memory.o
LOAD sheet.o
LOAD timer.o
LOAD mtask.o
LOAD window.o
LOAD console.o
LOAD file.o
LOAD /tmp/cc4WzTqh.o

.head           0x0000000000000000       0x24
                0x0000000000000000        0x4 LONG 0x10000
                0x0000000000000004        0x4 LONG 0x69726148
                0x0000000000000008        0x4 LONG 0x0
                0x000000000000000c        0x4 LONG 0x310000
                0x0000000000000010        0x4 LONG 0x14ad SIZEOF (.data)
                0x0000000000000014        0x4 LONG 0x505e LOADADDR (.data)
                0x0000000000000018        0x4 LONG 0xe9000000
                0x000000000000001c        0x4 LONG 0x4470 (HariMain - 0x20)
                0x0000000000000020        0x4 LONG 0x0

.text           0x0000000000000030     0x502e
 *(.text)
 .text          0x0000000000000030      0x1c3 nasmfunc.o
                0x0000000000000030                io_hlt
                0x0000000000000032                io_cli
                0x0000000000000034                io_sti
                0x0000000000000036                io_stihlt
                0x0000000000000039                io_in8
                0x0000000000000044                io_in16
                0x0000000000000050                io_in32
                0x0000000000000056                io_out8
                0x0000000000000060                io_out16
                0x000000000000006b                io_out32
                0x0000000000000075                io_load_eflags
                0x0000000000000078                io_store_eflags
                0x000000000000007f                load_gdtr
                0x000000000000008f                load_idtr
                0x000000000000009f                load_tr
                0x00000000000000a5                asm_inthandler20
                0x00000000000000bc                asm_inthandler21
                0x00000000000000d3                asm_inthandler27
                0x00000000000000ea                asm_inthandler2c
                0x0000000000000101                asm_inthandler0c
                0x0000000000000125                asm_inthandler0d
                0x0000000000000145                load_cr0
                0x0000000000000149                store_cr0
                0x0000000000000151                memtest_sub
                0x0000000000000193                farjmp
                0x0000000000000198                farcall
                0x000000000000019d                asm_hrb_api
                0x00000000000001ba                asm_end_app
                0x00000000000001c5                start_app
 .text          0x00000000000001f3        0x0 hankaku.o
 .text          0x00000000000001f3      0x484 mystd.o
                0x00000000000001f3                sprintf
                0x00000000000005bf                strcmp
                0x0000000000000614                strncmp
 .text          0x0000000000000677      0x60c graphic.o
                0x0000000000000677                init_palette
                0x0000000000000694                set_palette
                0x0000000000000740                boxfill8
                0x000000000000078f                init_screen8
                0x0000000000000a03                putfont8
                0x0000000000000afb                putfonts8_asc
                0x0000000000000b47                init_mouse_cursor8
                0x0000000000000c17                putblock8
 .text          0x0000000000000c83      0x261 dsctbl.o
                0x0000000000000c83                init_gdtidt
                0x0000000000000e2e                set_segmdesc
                0x0000000000000ea5                set_gatedesc
 .text          0x0000000000000ee4       0xf3 int.o
                0x0000000000000ee4                init_pic
                0x0000000000000fbf                inthandler27
 .text          0x0000000000000fd7      0x178 fifo.o
                0x0000000000000fd7                fifo32_init
                0x000000000000101e                fifo32_put
                0x00000000000010cb                fifo32_get
                0x000000000000113a                fifo32_status
 .text          0x000000000000114f       0xa6 keyboard.o
                0x000000000000114f                inthandler21
                0x0000000000001194                wait_KBC_sendready
                0x00000000000011b4                init_keyboard
 .text          0x00000000000011f5      0x1e4 mouse.o
                0x00000000000011f5                inthandler2c
                0x000000000000124c                enable_mouse
                0x000000000000129a                mouse_decode
 .text          0x00000000000013d9      0x4ab memory.o
                0x00000000000013d9                memtest
                0x0000000000001490                memman_init
                0x00000000000014bd                memman_total
                0x00000000000014f5                memman_alloc
                0x00000000000015dc                memman_free
                0x0000000000001829                memman_alloc_4k
                0x0000000000001855                memman_free_4k
 .text          0x0000000000001884      0xa4c sheet.o
                0x0000000000001884                shtctl_init
                0x0000000000001966                sheet_alloc
                0x00000000000019dc                sheet_setbuf
                0x0000000000001a05                sheet_refreshmap
                0x0000000000001bd1                sheet_refreshsub
                0x0000000000001db8                sheet_updown
                0x0000000000002125                sheet_refresh
                0x0000000000002196                sheet_slide
                0x00000000000022a9                sheet_free
 .text          0x00000000000022d0      0x295 timer.o
                0x00000000000022d0                init_pit
                0x0000000000002377                timer_alloc
                0x00000000000023e0                timer_free
                0x00000000000023f0                timer_init
                0x0000000000002408                timer_settime
                0x00000000000024b7                inthandler20
 .text          0x0000000000002565      0x719 mtask.o
                0x0000000000002565                task_now
                0x00000000000025ab                task_add
                0x000000000000261f                task_remove
                0x00000000000026f0                task_switchsub
                0x0000000000002751                task_idle
                0x000000000000275e                task_init
                0x00000000000029a2                task_alloc
                0x0000000000002acd                task_run
                0x0000000000002b3a                task_switch
                0x0000000000002c2e                task_sleep
 .text          0x0000000000002c7e      0x4fb window.o
                0x0000000000002c7e                make_window8
                0x0000000000002de8                make_wtitle8
                0x0000000000002ed9                putfonts8_asc_sht
                0x0000000000002f79                make_textbox8
 .text          0x0000000000003179     0x1060 console.o
                0x0000000000003179                console_task
                0x0000000000003520                cons_putchar
                0x0000000000003625                cons_newline
                0x0000000000003728                cons_putstr0
                0x0000000000003758                cons_putstr1
                0x0000000000003793                cons_runcmd
                0x000000000000387e                cmd_mem
                0x00000000000038cc                cmd_clear
                0x0000000000003948                cmd_ls
                0x0000000000003a75                cmd_cat
                0x0000000000003b42                cmd_hlt
                0x0000000000003c57                cmd_app
                0x0000000000003eff                hrb_api
                0x0000000000004115                inthandler0c
                0x0000000000004177                inthandler0d
 .text          0x00000000000041d9      0x2b7 file.o
                0x00000000000041d9                file_readfat
                0x0000000000004289                file_loadfile
                0x000000000000432d                file_search
 .text          0x0000000000004490      0xbce /tmp/cc4WzTqh.o
                0x0000000000004490                HariMain

.data           0x0000000000310000     0x14ad load address 0x000000000000505e
 *(.data)
 .data          0x0000000000310000     0x1000 hankaku.o
                0x0000000000310000                hankaku
 .data          0x0000000000311000        0x0 mystd.o
 .data          0x0000000000311000      0x140 graphic.o
 .data          0x0000000000311140        0x0 dsctbl.o
 .data          0x0000000000311140        0x0 int.o
 .data          0x0000000000311140        0x0 fifo.o
 .data          0x0000000000311140        0x0 keyboard.o
 .data          0x0000000000311140        0x0 mouse.o
 .data          0x0000000000311140        0x0 memory.o
 .data          0x0000000000311140        0x0 sheet.o
 .data          0x0000000000311140        0x0 timer.o
 .data          0x0000000000311140        0x0 mtask.o
 .data          0x0000000000311140       0xe0 window.o
 .data          0x0000000000311220        0x0 console.o
 .data          0x0000000000311220        0x0 file.o
 .data          0x0000000000311220      0x100 /tmp/cc4WzTqh.o
 *(.rodata*)
 .rodata        0x0000000000311320       0x84 mystd.o
 .rodata        0x00000000003113a4       0xe9 console.o
 .rodata        0x000000000031148d       0x20 /tmp/cc4WzTqh.o
 *(.bss)
 .bss           0x00000000003114ad        0x0 hankaku.o
 .bss           0x00000000003114ad        0x0 mystd.o
 .bss           0x00000000003114ad        0x0 graphic.o
 .bss           0x00000000003114ad        0x0 dsctbl.o
 .bss           0x00000000003114ad        0x0 int.o
 .bss           0x00000000003114ad        0x0 fifo.o
 .bss           0x00000000003114ad        0x0 keyboard.o
 .bss           0x00000000003114ad        0x0 mouse.o
 .bss           0x00000000003114ad        0x0 memory.o
 .bss           0x00000000003114ad        0x0 sheet.o
 .bss           0x00000000003114ad        0x0 timer.o
 .bss           0x00000000003114ad        0x0 mtask.o
 .bss           0x00000000003114ad        0x0 window.o
 .bss           0x00000000003114ad        0x0 console.o
 .bss           0x00000000003114ad        0x0 file.o
 .bss           0x00000000003114ad        0x0 /tmp/cc4WzTqh.o

/DISCARD/
 *(.eh_frame)
OUTPUT(bootpack.hrb binary)

.stab           0x0000000000000000      0xa5c
 .stab          0x0000000000000000      0xa5c nasmfunc.o

.stabstr        0x0000000000000000        0xe
 .stabstr       0x0000000000000000        0xe nasmfunc.o

.comment        0x0000000000000000      0x120
 .comment       0x0000000000000000       0x12 hankaku.o
 .comment       0x0000000000000012       0x12 mystd.o
 .comment       0x0000000000000024       0x12 graphic.o
 .comment       0x0000000000000036       0x12 dsctbl.o
 .comment       0x0000000000000048       0x12 int.o
 .comment       0x000000000000005a       0x12 fifo.o
 .comment       0x000000000000006c       0x12 keyboard.o
 .comment       0x000000000000007e       0x12 mouse.o
 .comment       0x0000000000000090       0x12 memory.o
 .comment       0x00000000000000a2       0x12 sheet.o
 .comment       0x00000000000000b4       0x12 timer.o
 .comment       0x00000000000000c6       0x12 mtask.o
 .comment       0x00000000000000d8       0x12 window.o
 .comment       0x00000000000000ea       0x12 console.o
 .comment       0x00000000000000fc       0x12 file.o
 .comment       0x000000000000010e       0x12 /tmp/cc4WzTqh.o

.note.GNU-stack
                0x0000000000000000        0x0
 .note.GNU-stack
                0x0000000000000000        0x0 hankaku.o
 .note.GNU-stack
                0x0000000000000000        0x0 mystd.o
 .note.GNU-stack
                0x0000000000000000        0x0 graphic.o
 .note.GNU-stack
                0x0000000000000000        0x0 dsctbl.o
 .note.GNU-stack
                0x0000000000000000        0x0 int.o
 .note.GNU-stack
                0x0000000000000000        0x0 fifo.o
 .note.GNU-stack
                0x0000000000000000        0x0 keyboard.o
 .note.GNU-stack
                0x0000000000000000        0x0 mouse.o
 .note.GNU-stack
                0x0000000000000000        0x0 memory.o
 .note.GNU-stack
                0x0000000000000000        0x0 sheet.o
 .note.GNU-stack
                0x0000000000000000        0x0 timer.o
 .note.GNU-stack
                0x0000000000000000        0x0 mtask.o
 .note.GNU-stack
                0x0000000000000000        0x0 window.o
 .note.GNU-stack
                0x0000000000000000        0x0 console.o
 .note.GNU-stack
                0x0000000000000000        0x0 file.o
 .note.GNU-stack
                0x0000000000000000        0x0 /tmp/cc4WzTqh.o

.bss            0x00000000003114c0     0x2744 load address 0x0000000000006520
 COMMON         0x00000000003114c0        0x8 keyboard.o
                0x00000000003114c0                keyfifo
                0x00000000003114c4                keydata0
 COMMON         0x00000000003114c8        0x8 mouse.o
                0x00000000003114c8                mousedata0
                0x00000000003114cc                mousefifo
 *fill*         0x00000000003114d0       0x10 
 COMMON         0x00000000003114e0     0x271c timer.o
                0x00000000003114e0                timerctl
 COMMON         0x0000000000313bfc        0x8 mtask.o
                0x0000000000313bfc                taskctl
                0x0000000000313c00                task_timer

.debug_info     0x0000000000000000      0x867
 .debug_info    0x0000000000000000      0x867 /tmp/cc4WzTqh.o

.debug_abbrev   0x0000000000000000       0xf4
 .debug_abbrev  0x0000000000000000       0xf4 /tmp/cc4WzTqh.o

.debug_aranges  0x0000000000000000       0x20
 .debug_aranges
                0x0000000000000000       0x20 /tmp/cc4WzTqh.o

.debug_line     0x0000000000000000      0x373
 .debug_line    0x0000000000000000      0x373 /tmp/cc4WzTqh.o

.debug_str      0x0000000000000000      0x30e
 .debug_str     0x0000000000000000      0x30e /tmp/cc4WzTqh.o
