     1                                  ; haribote-ipl
     2                                  ; TAB=4
     3                                  
     4                                  CYLS EQU 10                     ; #define CYLS 10
     5                                  
     6                                          ORG     0x7c00          ; メモリ上の開始位置
     7                                  
     8 00000000 EB4E                            JMP     entry
     9 00000002 90                              DB      0x90
    10 00000003 48415249424F5445                DB      "HARIBOTE"      ; ブートセレクタの名前を自由にかいていよい  (8Byte)
    11 0000000B 0002                            DW      512             ; 1セクタの大きさ                           (512にしなければならない)
    12 0000000D 01                              DB      1               ; クラスタの大きさ                          (1セクタにしなければならない)
    13 0000000E 0100                            DW      1               ; FATがどこから始まるか                     (普通は1セクタ目からにする)
    14 00000010 02                              DB      2               ; FATの個数                                 (2にしなければならない)
    15 00000011 E000                            DW      224             ; ルートディレクトリ領域の大きさ            (普通は224エントリにする)
    16 00000013 400B                            DW      2880            ; このドライブの大きさ                      (2880セクタにしなければならない)
    17 00000015 F0                              DB      0xf0            ; メディアタイプ                            (0xf0にしなければならない)
    18 00000016 0900                            DW      9               ; FAT領域の長さ                             (9セクタにしなければならない)
    19 00000018 1200                            DW      18              ; 1トラックにいくつのセクタがあるか         (18にしなければならない)
    20 0000001A 0200                            DW      2               ; ヘッドの数                                (2にしなければならない)
    21 0000001C 00000000                        DD      0               ; パーティションを使っていないのでここは必ず0
    22 00000020 400B0000                        DD      2880            ; このドライブの大きさをもう一度書く
    23 00000024 000029                          DB      0, 0, 0x29      ; よくわからないけどこの値にしておくといいらしい
    24 00000027 FFFFFFFF                        DD      0xffffffff      ; たぶんボリュームシリアル番号
    25 0000002B 48415249424F54454F-             DB      "HARIBOTEOS "   ; ディスクの名前                            (11Byte)
    25 00000034 5320               
    26 00000036 4641543132202020                DB      "FAT12   "      ; フォーマットの名前                        (8Byte)
    27 0000003E 00<rept>                        TIMES   18  DB 0        ; とりあえず18バイト開けておく
    28                                  
    29                                  ; Program Main Body
    30                                  entry:
    31 00000050 B80000                          MOV     AX, 0           ; レジスタの初期化
    32 00000053 8ED0                            MOV     SS, AX
    33 00000055 BC007C                          MOV     SP, 0x7c00
    34 00000058 8ED8                            MOV     DS, AX
    35                                  
    36                                  ; Read Disk
    37 0000005A B82008                          MOV      AX, 0x0820
    38 0000005D 8EC0                            MOV      ES, AX
    39 0000005F B500                            MOV      CH, 0           ; シリンダ番号0
    40 00000061 B600                            MOV      DH, 0           ; ヘッド番号0
    41 00000063 B102                            MOV      CL, 2           ; セクタ番号2
    42                                  
    43                                  readloop:
    44 00000065 BE0000                          MOV      SI, 0           ; 失敗回数のリセット
    45                                  
    46                                  retry:
    47 00000068 B402                            MOV      AH, 0x02        ; INT命令用
    48 0000006A B001                            MOV      AL, 1
    49 0000006C BB0000                          MOV      BX, 0
    50 0000006F B200                            MOV      DL, 0x00        ; ドライブ番号0 <--①
    51 00000071 CD13                            INT      0x13            ; disk BIOSコール(AH=0x02) <--②-1
    52 00000073 7310                            JNC      next            ; エラーがなければnextへ
    53 00000075 83C601                          ADD      SI, 1           ; SIレジスタ(失敗回数) + 1
    54 00000078 83FE05                          CMP      SI, 5           ; SIと5を比較
    55 0000007B 7335                            JAE      error           ; SI >= 5のときerrorへ
    56 0000007D B400                            MOV      AH, 0x00        ; INT命令用
    57 0000007F B200                            MOV      DL, 0x00        ; ドライブ番号0
    58 00000081 CD13                            INT      0x13            ; disk BIOSコール(AH=0x00) <--②-2
    59 00000083 EBE3                            JMP      retry
    60                                  
    61                                  
    62                                  next:
    63 00000085 8CC0                            MOV      AX, ES          ; アドレスを0x200(=512=1セクタ)進める
    64 00000087 83C020                          ADD      AX, 0x20
    65 0000008A 8EC0                            MOV      ES, AX          ; ADD ES, 0x20という命令が無い
    66 0000008C 80C101                          ADD      CL, 1           ; CL(セクタ番号)を1増やす
    67 0000008F 80F912                          CMP      CL, 18          ; CLと18を比較
    68 00000092 76D1                            JBE      readloop        ; CL <= 18の時readloopへ
    69 00000094 B101                            MOV      CL, 1           ; CL=1
    70 00000096 80C601                          ADD      DH, 1           ; DH(ヘッダ番号)を1増やす
    71 00000099 80FE02                          CMP      DH, 2           ; DHと2を比較
    72 0000009C 72C7                            JB      readloop         ; DH < 2の時readloopへ
    73 0000009E B600                            MOV      DH, 0           ; DH=0
    74 000000A0 80C501                          ADD      CH, 1           ; CH(シリンダ番号)を1増やす
    75 000000A3 80FD0A                          CMP      CH, CYLS        ; CHとCYLS(=10)を比較
    76 000000A6 72BD                            JB      readloop         ; CH < CYLSの時readloopへ
    77                                  
    78 000000A8 882EF00F                        MOV      [0x0ff0], CH    ; IPLがどこまで読んだのかをメモ
    79 000000AC E9(00C2)                        JMP      0xc200
    80                                  
    81                                  fin:
    82 000000AF F4                              HLT
    83 000000B0 EBFD                            JMP      fin
    84                                  
    85                                  error:
    86 000000B2 BE[C700]                        MOV      SI, msg         ; SIにmsgのメモリ番地を代入
    87                                  
    88                                  putloop:
    89 000000B5 8A04                            MOV     AL, [SI]         ; BYTE (accumulator low)
    90 000000B7 83C601                          ADD     SI, 1            ; increment
    91 000000BA 3C00                            CMP     AL, 0            ; compare (<end msg>)
    92 000000BC 74F1                            JE      fin              ; jump to fin if equal to 0
    93 000000BE B40E                            MOV     AH, 0x0e         ; AH = 0x0e
    94 000000C0 BB0F00                          MOV     BX, 15           ; BH = 0, BL = <color code>
    95 000000C3 CD10                            INT     0x10             ; interrupt BIOS
    96 000000C5 EBEE                            JMP     putloop
    97                                  
    98                                  msg:
    99 000000C7 0A0A                            DB      0x0a, 0x0a
   100 000000C9 6C6F6164206572726F-             DB      "load error"     ; Error message
   100 000000D2 72                 
   101 000000D3 0A                              DB      0x0a
   102 000000D4 00                              DB      0                ; end msg
   103                                  
   104 000000D5 00<rept>                        TIMES   0x7dfe-0x7c00-($-$$)  DB 0
   105                                  
   106                                  ; END BS_BootCode
   107 000001FE 55AA                            DB      0x55, 0xaa       ; BS_BootSign, boot signature
