
Discarded input sections

 .eh_frame      0x0000000000000000       0x38 noodle.o
 .eh_frame      0x0000000000000000       0xe0 mystd.o

Memory Configuration

Name             Origin             Length             Attributes
rom              0x0000000000000000 0x0000000000100000 xr
ram              0x0000000000010000 0x0000000000100000 xrw
*default*        0x0000000000000000 0xffffffffffffffff

Linker script and memory map

LOAD noodle.o
LOAD a_nasm.o
LOAD mystd.o
                0x0000000000010000                stack = DEFINED (stack)?stack:0x10000
                0x0000000000100000                heap = DEFINED (heap)?heap:0x100000

.head           0x0000000000000000       0x24
                0x0000000000000000        0x4 LONG 0x111000 (((((stack + SIZEOF (.data)) + SIZEOF (.bss)) + heap) + 0xfff) & 0xfffffffffffff000)
                0x0000000000000004        0x4 LONG 0x69726148
                0x0000000000000008        0x4 LONG 0x0
                0x000000000000000c        0x4 LONG 0x10000 stack
                0x0000000000000010        0x4 LONG 0x9c SIZEOF (.data)
                0x0000000000000014        0x4 LONG 0x772 LOADADDR (.data)
                0x0000000000000018        0x4 LONG 0xe9000000
                0x000000000000001c        0x4 LONG 0x10 (HariMain - 0x20)
                0x0000000000000020        0x4 LONG 0x100a0 (((ADDR (.bss) + SIZEOF (.bss)) + 0xf) & 0xfffffffffffffff0)

.text           0x0000000000000030      0x742
 *(.text)
 .text          0x0000000000000030      0x115 noodle.o
                0x0000000000000030                HariMain
 *fill*         0x0000000000000145        0xb 
 .text          0x0000000000000150      0x19e a_nasm.o
                0x0000000000000150                api_putchar
                0x000000000000015c                api_putstr0
                0x000000000000016a                api_end
                0x0000000000000171                api_openwin
                0x0000000000000193                api_putstrwin
                0x00000000000001bb                api_boxfilwin
                0x00000000000001e3                api_initmalloc
                0x0000000000000204                api_malloc
                0x0000000000000219                api_free
                0x0000000000000232                api_point
                0x0000000000000250                api_refreshwin
                0x0000000000000272                api_linewin
                0x000000000000029a                api_closewin
                0x00000000000002a8                api_getkey
                0x00000000000002b4                api_alloctimer
                0x00000000000002bc                api_inittimer
                0x00000000000002ce                api_settimer
                0x00000000000002e0                api_freetimer
 .text          0x00000000000002ee      0x484 mystd.o
                0x00000000000002ee                sprintf
                0x00000000000006ba                strcmp
                0x000000000000070f                strncmp

.data           0x0000000000010000       0x9c load address 0x0000000000000772
 *(.data)
 .data          0x0000000000010000        0x0 noodle.o
 .data          0x0000000000010000        0x0 mystd.o
 *(.rodata*)
 .rodata        0x0000000000010000       0x15 noodle.o
 *fill*         0x0000000000010015        0x3 
 .rodata        0x0000000000010018       0x84 mystd.o
 *(.bss*)
 .bss           0x000000000001009c        0x0 noodle.o
 .bss           0x000000000001009c        0x0 mystd.o

.bss            0x000000000001009c        0x4 load address 0x000000000000080e
 *(.bss)
                0x00000000000100a0                . = ALIGN (0x10)
 *fill*         0x000000000001009c        0x4 

/DISCARD/
 *(.eh_frame)
OUTPUT(noodle.hrb binary)

.comment        0x0000000000000000       0x24
 .comment       0x0000000000000000       0x12 noodle.o
 .comment       0x0000000000000012       0x12 mystd.o

.note.GNU-stack
                0x0000000000000000        0x0
 .note.GNU-stack
                0x0000000000000000        0x0 noodle.o
 .note.GNU-stack
                0x0000000000000000        0x0 mystd.o
